17:37:04 **** Incremental Build of configuration Debug for project Test_application ****
make all 
Building file: ../src/DatabaseHandler.c
Invoking: ARM v7 Linux gcc compiler
arm-linux-gnueabihf-gcc -Wall -O0 -g3 -c -fmessage-length=0 -MT"src/DatabaseHandler.o" -MMD -MP -MF"src/DatabaseHandler.d" -MT"src/DatabaseHandler.o" -o "src/DatabaseHandler.o" "../src/DatabaseHandler.c"
Finished building: ../src/DatabaseHandler.c
 
Building target: Test_application.elf
Invoking: ARM v7 Linux gcc linker
arm-linux-gnueabihf-gcc  -o "Test_application.elf" ./src/SourceFiles/MonitorTrade.o ./src/SourceFiles/TradeHandler.o ./src/SourceFiles/decodeTrainderCard.o ./src/SourceFiles/decode_Pokemon_structure.o ./src/SourceFiles/functions.o  ./src/DatabaseHandler.o ./src/HardwareHandler.o ./src/TCP_Server.o ./src/Test_Tradehandler.o ./src/main.o   
Finished building target: Test_application.elf
 
Invoking: ARM v7 Linux Print Size
arm-linux-gnueabihf-size Test_application.elf  |tee "Test_application.elf.size"
   text	   data	    bss	    dec	    hex	filename
  30386	 227464	   4500	 262350	  400ce	Test_application.elf
Finished building: Test_application.elf.size
 

17:37:04 Build Finished (took 673ms)

