Nothing to build in platform 'Petalinux_Platorm'

12:39:38 **** Incremental Build of configuration Debug for project MonitoringUnit ****
make all 
Building file: ../src/SourceFiles/MonitorTrade.c
Invoking: ARM v7 Linux gcc compiler
arm-linux-gnueabihf-gcc -Wall -O0 -g3 -c -fmessage-length=0 -MT"src/SourceFiles/MonitorTrade.o" --sysroot=/home/daniel/Masterthesis/Petalinux/Petalinux_Platorm/export/Petalinux_Platorm/sw/Petalinux_Platorm/linux_domain/sysroot/cortexa9t2hf-neon-xilinx-linux-gnueabi -I/home/daniel/Masterthesis/Petalinux/Petalinux_Platorm/export/Petalinux_Platorm/sw/Petalinux_Platorm/linux_domain/sysroot/cortexa9t2hf-neon-xilinx-linux-gnueabi/usr/include -MMD -MP -MF"src/SourceFiles/MonitorTrade.d" -MT"src/SourceFiles/MonitorTrade.o" -o "src/SourceFiles/MonitorTrade.o" "../src/SourceFiles/MonitorTrade.c"
Finished building: ../src/SourceFiles/MonitorTrade.c
 
Building target: MonitoringUnit.elf
Invoking: ARM v7 Linux gcc linker
arm-linux-gnueabihf-gcc -L"/home/daniel/Masterthesis/Petalinux/Petalinux_Platorm/export/Petalinux_Platorm/sw/Petalinux_Platorm/linux_domain/sysroot/cortexa9t2hf-neon-xilinx-linux-gnueabi/usr/lib" -L/home/daniel/Masterthesis/Petalinux/Petalinux_Platorm/export/Petalinux_Platorm/sw/Petalinux_Platorm/linux_domain/sysroot/cortexa9t2hf-neon-xilinx-linux-gnueabi/lib -L/home/daniel/Masterthesis/Petalinux/Petalinux_Platorm/export/Petalinux_Platorm/sw/Petalinux_Platorm/linux_domain/sysroot/cortexa9t2hf-neon-xilinx-linux-gnueabi/usr/lib -o "MonitoringUnit.elf" ./src/Testing/MonitorUnitTest.o  ./src/SourceFiles/ConCat.o ./src/SourceFiles/DecodePokemonData.o ./src/SourceFiles/MonitorTrade.o ./src/SourceFiles/decodeTrainderCard.o ./src/SourceFiles/functions.o  ./src/HardwareHandler.o ./src/main.o   -lsqlite3 --sysroot=/home/daniel/Masterthesis/Petalinux/Petalinux_Platorm/export/Petalinux_Platorm/sw/Petalinux_Platorm/linux_domain/sysroot/cortexa9t2hf-neon-xilinx-linux-gnueabi -Wl,-rpath-link=/home/daniel/Masterthesis/Petalinux/Petalinux_Platorm/export/Petalinux_Platorm/sw/Petalinux_Platorm/linux_domain/sysroot/cortexa9t2hf-neon-xilinx-linux-gnueabi/lib -Wl,-rpath-link=/home/daniel/Masterthesis/Petalinux/Petalinux_Platorm/export/Petalinux_Platorm/sw/Petalinux_Platorm/linux_domain/sysroot/cortexa9t2hf-neon-xilinx-linux-gnueabi/usr/lib
Finished building target: MonitoringUnit.elf
 
Invoking: ARM v7 Linux Print Size
arm-linux-gnueabihf-size MonitoringUnit.elf  |tee "MonitoringUnit.elf.size"
   text	   data	    bss	    dec	    hex	filename
  23857	 230936	   3376	 258169	  3f079	MonitoringUnit.elf
Finished building: MonitoringUnit.elf.size
 
